         mov %a,0x01
         mov %a,0x01
         mov %a,0x01
         jmp 0x12
         syscall
